Cloning into 'Learn_github'...
warning: You appear to have cloned an empty repository.

kishu@LAPTOP-2QT1H307 MINGW64 ~
$ cd Learn_github

kishu@LAPTOP-2QT1H307 MINGW64 ~/Learn_github (master)
$ touch first.html

kishu@LAPTOP-2QT1H307 MINGW64 ~/Learn_github (master)
$ . atom
bash: atom: No such file or directory

kishu@LAPTOP-2QT1H307 MINGW64 ~/Learn_github (master)
$ atom .
bash: atom: command not found

kishu@LAPTOP-2QT1H307 MINGW64 ~/Learn_github (master)
$ .atom
bash: .atom: command not found

kishu@LAPTOP-2QT1H307 MINGW64 ~/Learn_github (master)
$ clear

kishu@LAPTOP-2QT1H307 MINGW64 ~/Learn_github (master)
$ git add first.html

kishu@LAPTOP-2QT1H307 MINGW64 ~/Learn_github (master)
$ git commit -m "First html file added"
[master (root-commit) 9184683] First html file added
 1 file changed, 9 insertions(+)
 create mode 100644 first.html

kishu@LAPTOP-2QT1H307 MINGW64 ~/Learn_github (master)
$ git push
Counting objects: 3, done.
Delta compression using up to 4 threads.
Compressing objects: 100% (2/2), done.
Writing objects: 100% (3/3), 297 bytes | 99.00 KiB/s, done.
Total 3 (delta 0), reused 0 (delta 0)
To https://github.com/wini19/Learn_github.git
 * [new branch]      master -> master

kishu@LAPTOP-2QT1H307 MINGW64 ~/Learn_github (master)
$ git status
On branch master
Your branch is up to date with 'origin/master'.

nothing to commit, working tree clean

kishu@LAPTOP-2QT1H307 MINGW64 ~/Learn_github (master)
$ git pull
remote: Counting objects: 3, done.
remote: Compressing objects: 100% (2/2), done.
remote: Total 3 (delta 0), reused 0 (delta 0), pack-reused 0
Unpacking objects: 100% (3/3), done.
From https://github.com/wini19/Learn_github
   9184683..b551ff0  master     -> origin/master
Updating 9184683..b551ff0
Fast-forward
 first.html | 2 +-
 1 file changed, 1 insertion(+), 1 deletion(-)

kishu@LAPTOP-2QT1H307 MINGW64 ~/Learn_github (master)
$ ^C

kishu@LAPTOP-2QT1H307 MINGW64 ~/Learn_github (master)
$
